Serie de pruebas para C:\Trabajo\Universidad\Inyector\SecurityAsserts\bin\Debug\net8.0\SecurityAsserts.dll (.NETCoreApp,Version=v8.0)
Herramienta de l├¡nea de comandos de ejecuci├│n de pruebas de Microsoft(R), versi├│n 17.10.0 (x64)
Copyright (c) Microsoft Corporation. Todos los derechos reservados.

Iniciando la ejecuci├│n de pruebas, espere...
1 archivos de prueba en total coincidieron con el patr├│n especificado.
[xUnit.net 00:00:00.60]     SecurityAsserts.Grupo4_Infraestructura.G4_TLS_Asserts.C02_TLS_MinimumVersion_ShouldBeTls12 [FAIL]
  Con error SecurityAsserts.Grupo4_Infraestructura.G4_TLS_Asserts.C02_TLS_MinimumVersion_ShouldBeTls12 [128 ms]
  Mensaje de error:
   Expected canConnect to be true because C02 ÔÇö El servidor debe soportar al menos TLS 1.2, but found False.
  Seguimiento de la pila:
     at FluentAssertions.Execution.XUnit2TestFramework.Throw(String message)
   at FluentAssertions.Execution.TestFrameworkProvider.Throw(String message)
   at FluentAssertions.Execution.DefaultAssertionStrategy.HandleFailure(String message)
   at FluentAssertions.Execution.AssertionScope.FailWith(Func`1 failReasonFunc)
   at FluentAssertions.Execution.AssertionScope.FailWith(Func`1 failReasonFunc)
   at FluentAssertions.Execution.AssertionScope.FailWith(String message, Object[] args)
   at FluentAssertions.Primitives.BooleanAssertions`1.BeTrue(String because, Object[] becauseArgs)
   at SecurityAsserts.Grupo4_Infraestructura.G4_TLS_Asserts.C02_TLS_MinimumVersion_ShouldBeTls12() in C:\Trabajo\Universidad\Inyector\SecurityAsserts\Grupo4_Infraestructura\G4_TLS_Asserts.cs:line 103
--- End of stack trace from previous location ---
[xUnit.net 00:00:00.62]     SecurityAsserts.Grupo4_Infraestructura.G4_TLS_Asserts.A10_TLS_HttpRequest_ShouldRedirectToHttps [FAIL]
[xUnit.net 00:00:00.62]     SecurityAsserts.Grupo2_Configuracion.G2_Misc_Asserts.B08_Pagination_ProductsEndpoint_ShouldReturnPaginatedResponse [FAIL]
  Con error SecurityAsserts.Grupo4_Infraestructura.G4_TLS_Asserts.A10_TLS_HttpRequest_ShouldRedirectToHttps [6 ms]
  Mensaje de error:
   Expected response.StatusCode to be one of {HttpStatusCode.MovedPermanently {value: 301}, HttpStatusCode.Found {value: 302}, HttpStatusCode.PermanentRedirect {value: 308}, HttpStatusCode.RedirectKeepVerb {value: 307}} because A10 ÔÇö Las peticiones HTTP deben redirigir a HTTPS (UseHttpsRedirection), but found HttpStatusCode.OK {value: 200}.
  Seguimiento de la pila:
     at FluentAssertions.Execution.XUnit2TestFramework.Throw(String message)
   at FluentAssertions.Execution.TestFrameworkProvider.Throw(String message)
   at FluentAssertions.Execution.DefaultAssertionStrategy.HandleFailure(String message)
   at FluentAssertions.Execution.AssertionScope.FailWith(Func`1 failReasonFunc)
   at FluentAssertions.Execution.AssertionScope.FailWith(Func`1 failReasonFunc)
   at FluentAssertions.Execution.AssertionScope.FailWith(String message, Object[] args)
   at FluentAssertions.Primitives.EnumAssertions`2.BeOneOf(IEnumerable`1 validValues, String because, Object[] becauseArgs)
   at SecurityAsserts.Grupo4_Infraestructura.G4_TLS_Asserts.A10_TLS_HttpRequest_ShouldRedirectToHttps() in C:\Trabajo\Universidad\Inyector\SecurityAsserts\Grupo4_Infraestructura\G4_TLS_Asserts.cs:line 35
--- End of stack trace from previous location ---
  Con error SecurityAsserts.Grupo2_Configuracion.G2_Misc_Asserts.B08_Pagination_ProductsEndpoint_ShouldReturnPaginatedResponse [147 ms]
  Mensaje de error:
   Expected hasMetadata to be true because B08 ÔÇö El endpoint GET /products debe implementar paginaci├│n (cabecera o body metadata), but found False.
  Seguimiento de la pila:
     at FluentAssertions.Execution.XUnit2TestFramework.Throw(String message)
   at FluentAssertions.Execution.TestFrameworkProvider.Throw(String message)
   at FluentAssertions.Execution.DefaultAssertionStrategy.HandleFailure(String message)
   at FluentAssertions.Execution.AssertionScope.FailWith(Func`1 failReasonFunc)
   at FluentAssertions.Execution.AssertionScope.FailWith(Func`1 failReasonFunc)
   at FluentAssertions.Execution.AssertionScope.FailWith(String message, Object[] args)
   at FluentAssertions.Primitives.BooleanAssertions`1.BeTrue(String because, Object[] becauseArgs)
   at SecurityAsserts.Grupo2_Configuracion.G2_Misc_Asserts.B08_Pagination_ProductsEndpoint_ShouldReturnPaginatedResponse() in C:\Trabajo\Universidad\Inyector\SecurityAsserts\Grupo2_Configuracion\G2_Misc_Asserts.cs:line 65
--- End of stack trace from previous location ---
[xUnit.net 00:00:00.68]     SecurityAsserts.Grupo2_Configuracion.G2_Misc_Asserts.B09_RateLimit_AuthEndpoint_ShouldReturn429AfterExcessRequests [FAIL]
  Con error SecurityAsserts.Grupo2_Configuracion.G2_Misc_Asserts.B09_RateLimit_AuthEndpoint_ShouldReturn429AfterExcessRequests [55 ms]
  Mensaje de error:
   Expected got429 to be true because B09 ÔÇö El endpoint de login debe retornar 429 tras exceder el l├¡mite de peticiones, but found False.
  Seguimiento de la pila:
     at FluentAssertions.Execution.XUnit2TestFramework.Throw(String message)
   at FluentAssertions.Execution.TestFrameworkProvider.Throw(String message)
   at FluentAssertions.Execution.DefaultAssertionStrategy.HandleFailure(String message)
   at FluentAssertions.Execution.AssertionScope.FailWith(Func`1 failReasonFunc)
   at FluentAssertions.Execution.AssertionScope.FailWith(Func`1 failReasonFunc)
   at FluentAssertions.Execution.AssertionScope.FailWith(String message, Object[] args)
   at FluentAssertions.Primitives.BooleanAssertions`1.BeTrue(String because, Object[] becauseArgs)
   at SecurityAsserts.Grupo2_Configuracion.G2_Misc_Asserts.B09_RateLimit_AuthEndpoint_ShouldReturn429AfterExcessRequests() in C:\Trabajo\Universidad\Inyector\SecurityAsserts\Grupo2_Configuracion\G2_Misc_Asserts.cs:line 92
--- End of stack trace from previous location ---
ADVERTENCIA: Se sobrescribir├í el archivo de resultados: C:\Trabajo\Universidad\Resultados\TestResults\ScenarioB_2026-05-13.trx
Archivo de resultados: C:\Trabajo\Universidad\Resultados\TestResults\ScenarioB_2026-05-13.trx

Con error! - Con error:     4, Superado:    95, Omitido:     0, Total:    99, Duraci├│n: 163 ms - SecurityAsserts.dll (net8.0)
